// Jest Snapshot v1, https://goo.gl/fbAQLP

exports[`I would like it to render ExpenseList with empty message 1`] = `
<div>
  <p>
    No expenses 
  </p>
</div>
`;

exports[`i would like it to render ExpenseList with expenses 1`] = `
<div>
  <ExpenseListItem
    amount={123}
    createdAt={0}
    description="Gum"
    id="1"
    key="1"
    note=""
  />
  <ExpenseListItem
    amount={123000}
    createdAt={-345600000}
    description="Rent"
    id="2"
    key="2"
    note=""
  />
  <ExpenseListItem
    amount={4500}
    createdAt={345600000}
    description="Credit card"
    id="3"
    key="3"
    note=""
  />
</div>
`;
