// Jest Snapshot v1, https://goo.gl/fbAQLP

exports[`I would like ExpenseListItem to render 1`] = `
<div>
  <Link
    replace={false}
    to="/edit/1"
  >
    <h3>
      Gum
    </h3>
  </Link>
  <p>
    $1.23
    -
    January 1st, 1970
  </p>
</div>
`;
