// Jest Snapshot v1, https://goo.gl/fbAQLP

exports[`I would like it to render header correctly 1`] = `
<header>
  <h1>
    Expensify
  </h1>
  <NavLink
    activeClassName="active"
    ariaCurrent="true"
    to="/"
  >
    Home
  </NavLink>
  <NavLink
    activeClassName="active"
    ariaCurrent="true"
    to="/create"
  >
    Create Expense
  </NavLink>
</header>
`;
